// Jest Snapshot v1, https://goo.gl/fbAQLP

exports[`Collection factories composes state with factory correctly 1`] = `
Object {
  "activeCard": undefined,
  "activeClassName": "DRUID",
  "filters": Object {
    "PLAY_STYLE": "STANDARD",
  },
  "modal": 0,
  "pagination": Object {
    "currentPage": 0,
    "itemsPerPage": 0,
    "pages": 0,
    "total": 0,
  },
}
`;
