// Jest Snapshot v1, https://goo.gl/fbAQLP

exports[`Collection Body snapshots renders without crashing 1`] = `
<div
  className="Collection-body shadow-md"
>
  <BodyNavButton
    active={false}
    align={3}
    onClick={[Function]}
  />
  <Card
    className="Collection-card"
    ext="png"
    id="AT_001"
    key="AT_001"
    locale="enUS"
    onClick={[Function]}
    resolution={256}
  />
  <Card
    className="Collection-card"
    ext="png"
    id="AT_002"
    key="AT_002"
    locale="enUS"
    onClick={[Function]}
    resolution={256}
  />
  <Card
    className="Collection-card"
    ext="png"
    id="AT_003"
    key="AT_003"
    locale="enUS"
    onClick={[Function]}
    resolution={256}
  />
  <Card
    className="Collection-card"
    ext="png"
    id="AT_004"
    key="AT_004"
    locale="enUS"
    onClick={[Function]}
    resolution={256}
  />
  <Card
    className="Collection-card"
    ext="png"
    id="AT_005"
    key="AT_005"
    locale="enUS"
    onClick={[Function]}
    resolution={256}
  />
  <Card
    className="Collection-card"
    ext="png"
    id="AT_006"
    key="AT_006"
    locale="enUS"
    onClick={[Function]}
    resolution={256}
  />
  <Card
    className="Collection-card"
    ext="png"
    id="AT_007"
    key="AT_007"
    locale="enUS"
    onClick={[Function]}
    resolution={256}
  />
  <Card
    className="Collection-card"
    ext="png"
    id="AT_008"
    key="AT_008"
    locale="enUS"
    onClick={[Function]}
    resolution={256}
  />
  <Card
    className="Collection-card"
    ext="png"
    id="AT_009"
    key="AT_009"
    locale="enUS"
    onClick={[Function]}
    resolution={256}
  />
  <Card
    className="Collection-card"
    ext="png"
    id="AT_010"
    key="AT_010"
    locale="enUS"
    onClick={[Function]}
    resolution={256}
  />
  <Card
    className="Collection-card"
    ext="png"
    id="AT_011"
    key="AT_011"
    locale="enUS"
    onClick={[Function]}
    resolution={256}
  />
  <Card
    className="Collection-card"
    ext="png"
    id="AT_012"
    key="AT_012"
    locale="enUS"
    onClick={[Function]}
    resolution={256}
  />
  <Card
    className="Collection-card"
    ext="png"
    id="AT_013"
    key="AT_013"
    locale="enUS"
    onClick={[Function]}
    resolution={256}
  />
  <Card
    className="Collection-card"
    ext="png"
    id="AT_014"
    key="AT_014"
    locale="enUS"
    onClick={[Function]}
    resolution={256}
  />
  <Card
    className="Collection-card"
    ext="png"
    id="AT_015"
    key="AT_015"
    locale="enUS"
    onClick={[Function]}
    resolution={256}
  />
  <Card
    className="Collection-card"
    ext="png"
    id="AT_016"
    key="AT_016"
    locale="enUS"
    onClick={[Function]}
    resolution={256}
  />
  <Card
    className="Collection-card"
    ext="png"
    id="AT_017"
    key="AT_017"
    locale="enUS"
    onClick={[Function]}
    resolution={256}
  />
  <Card
    className="Collection-card"
    ext="png"
    id="AT_018"
    key="AT_018"
    locale="enUS"
    onClick={[Function]}
    resolution={256}
  />
  <Card
    className="Collection-card"
    ext="png"
    id="AT_019"
    key="AT_019"
    locale="enUS"
    onClick={[Function]}
    resolution={256}
  />
  <Card
    className="Collection-card"
    ext="png"
    id="AT_020"
    key="AT_020"
    locale="enUS"
    onClick={[Function]}
    resolution={256}
  />
  <BodyNavButton
    active={false}
    align={1}
    onClick={[Function]}
  />
  <SimpleModal
    onCloseCallback={[Function]}
    open={0}
    render={[Function]}
  />
</div>
`;
