// Jest Snapshot v1, https://goo.gl/fbAQLP

exports[`Collection ManaBar snapshots composes mana gems correctly 1`] = `
Array [
  0,
  1,
  2,
  3,
  4,
  5,
  6,
  7,
]
`;

exports[`Collection ManaBar snapshots renders without crashing 1`] = `
<div
  className="Collection-mana-bar"
>
  <Component
    id="collection-mana-bar"
  >
    <Component
      key="mana-bar-btn0"
      render={[Function]}
    />
    <Component
      key="mana-bar-btn1"
      render={[Function]}
    />
    <Component
      key="mana-bar-btn2"
      render={[Function]}
    />
    <Component
      key="mana-bar-btn3"
      render={[Function]}
    />
    <Component
      key="mana-bar-btn4"
      render={[Function]}
    />
    <Component
      key="mana-bar-btn5"
      render={[Function]}
    />
    <Component
      key="mana-bar-btn6"
      render={[Function]}
    />
    <Component
      key="mana-bar-btn7"
      render={[Function]}
    />
  </Component>
</div>
`;
