// Jest Snapshot v1, https://goo.gl/fbAQLP

exports[`AppHeader snapshots renders correctly 1`] = `
<header
  className="App-header"
  style={
    Object {
      "display": "flex",
      "justifyContent": "center",
    }
  }
>
  <NavBar
    id="card-class-names-nav-bar"
    targets={Array []}
  />
</header>
`;
