// Jest Snapshot v1, https://goo.gl/fbAQLP

exports[`AppNavBar snapshots renders correctly 1`] = `
<Fragment>
  <Link
    replace={false}
    style={
      Object {
        "paddingRight": 10,
      }
    }
    to="/"
  >
    Home
  </Link>
  <Link
    replace={false}
    to="/test"
  >
    Test
  </Link>
</Fragment>
`;
