// Jest Snapshot v1, https://goo.gl/fbAQLP

exports[`redux store composes the default development state correctly 1`] = `
Object {
  "App": Object {
    "loaded": false,
  },
  "Browser": Object {
    "_responsiveState": true,
    "breakpoints": Object {
      "extraSmall": 480,
      "infinity": Infinity,
      "large": 1200,
      "medium": 992,
      "small": 768,
    },
    "greaterThan": Object {
      "extraSmall": true,
      "infinity": false,
      "large": true,
      "medium": true,
      "small": true,
    },
    "is": Object {
      "extraSmall": false,
      "infinity": true,
      "large": false,
      "medium": false,
      "small": false,
    },
    "lessThan": Object {
      "extraSmall": false,
      "infinity": false,
      "large": false,
      "medium": false,
      "small": false,
    },
    "mediaType": "infinity",
    "orientation": null,
  },
  "Cards": Object {
    "data": Array [],
  },
  "Collection": Object {
    "activeCard": undefined,
    "activeClassName": "DRUID",
    "filters": Object {
      "PLAY_STYLE": "STANDARD",
    },
    "modal": 0,
    "pagination": Object {
      "currentPage": 0,
      "itemsPerPage": 0,
      "pages": 0,
      "total": 0,
    },
  },
}
`;
